---
source: src/level_trait.rs
expression: svg.clone()
---
<svg xmlns="http://www.w3.org/2000/svg" style="background:white" viewBox="0 0 500 772"  >
<text x="100" y="22" dominant-baseline="central" fill="#221f21" font-size="22pt" font-family="Montserrat" font-weight="700" style="text-align: left; text-anchor: left;">Furniture </text>
<rect width="400" height="400" x="50" y="110"  rx="0" stroke="#221f21" stroke-width="3" fill="transparent" style="fill:none"> </rect>
<rect width="100" height="100" x="50" y="110"  rx="0" stroke="#221f21" stroke-width="2" fill="transparent" style="fill:none"> </rect>
<text transform="translate(100,160) " font-size="40" dominant-baseline="central" fill="#6b6e71" font-family="Montserrat" font-weight="bold" style="text-align: center; text-anchor: middle;">C </text>
<rect width="100" height="100" x="150" y="110"  rx="0" stroke="#221f21" stroke-width="2" fill="transparent" style="fill:none"> </rect>
<text transform="translate(200,160) " font-size="40" dominant-baseline="central" fill="#6b6e71" font-family="Montserrat" font-weight="bold" style="text-align: center; text-anchor: middle;">H </text>
<rect width="12.000001" height="12.000001" x="235" y="113"  rx="0" stroke="#221f21" stroke-width="1" fill="transparent" style="fill:none"> </rect>
<rect width="100" height="100" x="250" y="110"  rx="0" stroke="#221f21" stroke-width="2" fill="transparent" style="fill:none"> </rect>
<text transform="translate(300,160) " font-size="40" dominant-baseline="central" fill="#6b6e71" font-family="Montserrat" font-weight="bold" style="text-align: center; text-anchor: middle;">S </text>
<rect width="12.000001" height="12.000001" x="335" y="113"  rx="0" stroke="#221f21" stroke-width="1" fill="transparent" style="fill:none"> </rect>
<rect width="100" height="100" x="350" y="110"  rx="0" stroke="#221f21" stroke-width="2" fill="transparent" style="fill:none"> </rect>
<text transform="translate(400,160) " font-size="40" dominant-baseline="central" fill="#6b6e71" font-family="Montserrat" font-weight="bold" style="text-align: center; text-anchor: middle;">T </text>
<rect width="12.000001" height="12.000001" x="435" y="113"  rx="0" stroke="#221f21" stroke-width="1" fill="transparent" style="fill:none"> </rect>
<rect width="100" height="100" x="50" y="210"  rx="0" stroke="#221f21" stroke-width="2" fill="transparent" style="fill:none"> </rect>
<text transform="translate(100,260) " font-size="40" dominant-baseline="central" fill="#6b6e71" font-family="Montserrat" font-weight="bold" style="text-align: center; text-anchor: middle;">W </text>
<rect width="100" height="100" x="150" y="210"  rx="0" stroke="#221f21" stroke-width="2" fill="transparent" style="fill:none"> </rect>
<text transform="translate(200,260) " font-size="40" dominant-baseline="central" fill="#6b6e71" font-family="Montserrat" font-weight="bold" style="text-align: center; text-anchor: middle;">E </text>
<rect width="12.000001" height="12.000001" x="235" y="213"  rx="0" stroke="#221f21" stroke-width="1" fill="transparent" style="fill:none"> </rect>
<rect width="12.000001" height="12.000001" x="235" y="228"  rx="0" stroke="#221f21" stroke-width="1" fill="transparent" style="fill:none"> </rect>
<rect width="12.000001" height="12.000001" x="235" y="243"  rx="0" stroke="#221f21" stroke-width="1" fill="transparent" style="fill:none"> </rect>
<rect width="100" height="100" x="250" y="210"  rx="0" stroke="#221f21" stroke-width="2" fill="transparent" style="fill:none"> </rect>
<text transform="translate(300,260) " font-size="40" dominant-baseline="central" fill="#6b6e71" font-family="Montserrat" font-weight="bold" style="text-align: center; text-anchor: middle;">L </text>
<rect width="12.000001" height="12.000001" x="335" y="213"  rx="0" stroke="#221f21" stroke-width="1" fill="transparent" style="fill:none"> </rect>
<rect width="100" height="100" x="350" y="210"  rx="0" stroke="#221f21" stroke-width="2" fill="transparent" style="fill:none"> </rect>
<text transform="translate(400,260) " font-size="40" dominant-baseline="central" fill="#6b6e71" font-family="Montserrat" font-weight="bold" style="text-align: center; text-anchor: middle;">A </text>
<rect width="12.000001" height="12.000001" x="435" y="213"  rx="0" stroke="#221f21" stroke-width="1" fill="transparent" style="fill:none"> </rect>
<rect width="100" height="100" x="50" y="310"  rx="0" stroke="#221f21" stroke-width="2" fill="transparent" style="fill:none"> </rect>
<text transform="translate(100,360) " font-size="40" dominant-baseline="central" fill="#6b6e71" font-family="Montserrat" font-weight="bold" style="text-align: center; text-anchor: middle;">D </text>
<rect width="100" height="100" x="150" y="310"  rx="0" stroke="#221f21" stroke-width="2" fill="transparent" style="fill:none"> </rect>
<text transform="translate(200,360) " font-size="40" dominant-baseline="central" fill="#6b6e71" font-family="Montserrat" font-weight="bold" style="text-align: center; text-anchor: middle;">A </text>
<rect width="100" height="100" x="250" y="310"  rx="0" stroke="#221f21" stroke-width="2" fill="transparent" style="fill:none"> </rect>
<text transform="translate(300,360) " font-size="40" dominant-baseline="central" fill="#6b6e71" font-family="Montserrat" font-weight="bold" style="text-align: center; text-anchor: middle;">B </text>
<rect width="12.000001" height="12.000001" x="335" y="313"  rx="0" stroke="#221f21" stroke-width="1" fill="transparent" style="fill:none"> </rect>
<rect width="100" height="100" x="350" y="310"  rx="0" stroke="#221f21" stroke-width="2" fill="transparent" style="fill:none"> </rect>
<text transform="translate(400,360) " font-size="40" dominant-baseline="central" fill="#6b6e71" font-family="Montserrat" font-weight="bold" style="text-align: center; text-anchor: middle;">F </text>
<rect width="12.000001" height="12.000001" x="435" y="313"  rx="0" stroke="#221f21" stroke-width="1" fill="transparent" style="fill:none"> </rect>
<rect width="100" height="100" x="50" y="410"  rx="0" stroke="#221f21" stroke-width="2" fill="transparent" style="fill:none"> </rect>
<text transform="translate(100,460) " font-size="40" dominant-baseline="central" fill="#6b6e71" font-family="Montserrat" font-weight="bold" style="text-align: center; text-anchor: middle;">R </text>
<rect width="100" height="100" x="150" y="410"  rx="0" stroke="#221f21" stroke-width="2" fill="transparent" style="fill:none"> </rect>
<text transform="translate(200,460) " font-size="40" dominant-baseline="central" fill="#6b6e71" font-family="Montserrat" font-weight="bold" style="text-align: center; text-anchor: middle;">R </text>
<rect width="100" height="100" x="250" y="410"  rx="0" stroke="#221f21" stroke-width="2" fill="transparent" style="fill:none"> </rect>
<text transform="translate(300,460) " font-size="40" dominant-baseline="central" fill="#6b6e71" font-family="Montserrat" font-weight="bold" style="text-align: center; text-anchor: middle;">O </text>
<rect width="12.000001" height="12.000001" x="335" y="413"  rx="0" stroke="#221f21" stroke-width="1" fill="transparent" style="fill:none"> </rect>
<rect width="100" height="100" x="350" y="410"  rx="0" stroke="#221f21" stroke-width="2" fill="transparent" style="fill:none"> </rect>
<text transform="translate(400,460) " font-size="40" dominant-baseline="central" fill="#6b6e71" font-family="Montserrat" font-weight="bold" style="text-align: center; text-anchor: middle;">S </text>
<text x="100" y="552" font-size="20"  dominant-baseline="central" fill="#221f21" font-family="Montserrat" font-weight="500" style="text-align: left; text-anchor: left;">4 </text>
<line x1="100" x2="258" y1="574" y2="574"  stroke="black" stroke-width="1"/>
<text x="100" y="596" font-size="20"  dominant-baseline="central" fill="#221f21" font-family="Montserrat" font-weight="500" style="text-align: left; text-anchor: left;">5 </text>
<line x1="100" x2="281" y1="618" y2="618"  stroke="black" stroke-width="1"/>
<text x="100" y="640" font-size="20"  dominant-baseline="central" fill="#221f21" font-family="Montserrat" font-weight="500" style="text-align: left; text-anchor: left;">5 </text>
<line x1="100" x2="281" y1="662" y2="662"  stroke="black" stroke-width="1"/>
<text x="100" y="684" font-size="20"  dominant-baseline="central" fill="#221f21" font-family="Montserrat" font-weight="500" style="text-align: left; text-anchor: left;">5 </text>
<line x1="100" x2="281" y1="706" y2="706"  stroke="black" stroke-width="1"/>
<text x="100" y="728" font-size="20"  dominant-baseline="central" fill="#221f21" font-family="Montserrat" font-weight="500" style="text-align: left; text-anchor: left;">8 </text>
<line x1="100" x2="350" y1="750" y2="750"  stroke="black" stroke-width="1"/>
</svg>
